// Jest Snapshot v1, https://goo.gl/fbAQLP

exports[`BrowseUserEntry matches snapshot 1`] = `
<View
  accessible={true}
  isTVSelectable={true}
  onResponderGrant={[Function]}
  onResponderMove={[Function]}
  onResponderRelease={[Function]}
  onResponderTerminate={[Function]}
  onResponderTerminationRequest={[Function]}
  onStartShouldSetResponder={[Function]}
  style={
    Object {
      "alignItems": "center",
      "backgroundColor": "#F55C5F",
      "flex": 1,
      "justifyContent": "center",
      "margin": 5,
      "opacity": 1,
      "padding": 5,
      "paddingVertical": 15,
    }
  }
>
  <Text>
    Name: 
    a
  </Text>
  <Text>
    Location: 
    b
  </Text>
  <Text>
    Contact: 
    c
  </Text>
  <Text>
    Interests: 
    d
  </Text>
</View>
`;

exports[`BrowseUserEntry matches snapshot2 1`] = `
<View
  accessible={true}
  isTVSelectable={true}
  onResponderGrant={[Function]}
  onResponderMove={[Function]}
  onResponderRelease={[Function]}
  onResponderTerminate={[Function]}
  onResponderTerminationRequest={[Function]}
  onStartShouldSetResponder={[Function]}
  style={
    Object {
      "alignItems": "center",
      "backgroundColor": "#F55C5F",
      "flex": 1,
      "justifyContent": "center",
      "margin": 5,
      "opacity": 1,
      "padding": 5,
      "paddingVertical": 15,
    }
  }
>
  <Text>
    Name: 
    e
  </Text>
  <Text>
    Location: 
    f
  </Text>
  <Text>
    Contact: 
    g
  </Text>
  <Text>
    Interests: 
    h
  </Text>
</View>
`;
