// Jest Snapshot v1, https://goo.gl/fbAQLP

exports[`should display InvitationScreen with no errors 1`] = `
<View
  style={
    Object {
      "backgroundColor": "#2c3e50",
      "flex": 1,
    }
  }
>
  <View
    accessible={true}
    isTVSelectable={true}
    onResponderGrant={[Function]}
    onResponderMove={[Function]}
    onResponderRelease={[Function]}
    onResponderTerminate={[Function]}
    onResponderTerminationRequest={[Function]}
    onStartShouldSetResponder={[Function]}
    style={
      Object {
        "backgroundColor": "#2980b6",
        "margin": 10,
        "opacity": 1,
        "paddingVertical": 15,
      }
    }
  >
    <Text
      style={
        Object {
          "color": "#fff",
          "fontWeight": "700",
          "textAlign": "center",
        }
      }
    >
      From:
    </Text>
    <Text
      style={
        Object {
          "color": "#fff",
          "fontWeight": "700",
          "textAlign": "center",
        }
      }
    >
      
    </Text>
  </View>
  <View
    accessible={true}
    isTVSelectable={true}
    onResponderGrant={[Function]}
    onResponderMove={[Function]}
    onResponderRelease={[Function]}
    onResponderTerminate={[Function]}
    onResponderTerminationRequest={[Function]}
    onStartShouldSetResponder={[Function]}
    style={
      Object {
        "backgroundColor": "#2980b6",
        "margin": 10,
        "opacity": 1,
        "paddingVertical": 15,
      }
    }
  >
    <Text
      style={
        Object {
          "color": "#fff",
          "fontWeight": "700",
          "textAlign": "center",
        }
      }
    >
      To:
    </Text>
    <Text
      style={
        Object {
          "color": "#fff",
          "fontWeight": "700",
          "textAlign": "center",
        }
      }
    >
      
    </Text>
  </View>
  <TextInput
    allowFontScaling={true}
    autoCapitalize="none"
    editable={true}
    keyboardType="default"
    onChangeText={[Function]}
    placeholder="Reason"
    placeholderTextColor="rgba(225,225,225,0.7)"
    rejectResponderTermination={true}
    returnKeyType="done"
    style={
      Object {
        "backgroundColor": "rgba(225,225,225,0.2)",
        "color": "#fff",
        "height": 40,
        "marginBottom": 10,
        "padding": 10,
      }
    }
    underlineColorAndroid="transparent"
    value=""
  />
  <View
    style={
      Object {
        "flex": 1,
      }
    }
  />
  <View
    accessible={true}
    isTVSelectable={true}
    onResponderGrant={[Function]}
    onResponderMove={[Function]}
    onResponderRelease={[Function]}
    onResponderTerminate={[Function]}
    onResponderTerminationRequest={[Function]}
    onStartShouldSetResponder={[Function]}
    style={
      Object {
        "backgroundColor": "#2980b6",
        "margin": 10,
        "opacity": 1,
        "paddingVertical": 15,
      }
    }
  >
    <Text
      style={
        Object {
          "color": "#fff",
          "fontWeight": "700",
          "textAlign": "center",
        }
      }
    >
      Send Invitation
    </Text>
  </View>
</View>
`;
