// Jest Snapshot v1, https://goo.gl/fbAQLP

exports[`LHCButton snapshot 1`] = `
<View
  accessible={true}
  isTVSelectable={true}
  onResponderGrant={[Function]}
  onResponderMove={[Function]}
  onResponderRelease={[Function]}
  onResponderTerminate={[Function]}
  onResponderTerminationRequest={[Function]}
  onStartShouldSetResponder={[Function]}
  style={
    Object {
      "backgroundColor": "#2980b6",
      "margin": 10,
      "opacity": 1,
      "paddingVertical": 15,
    }
  }
/>
`;
